

================================================================
== Vitis HLS Report for 'encryfinal'
================================================================
* Date:           Thu Feb  6 20:26:44 2025

* Version:        2023.2 (Build 4023990 on Oct 11 2023)
* Project:        encryptionfinale
* Solution:       solution1 (Vivado IP Flow Target)
* Product family: artix7
* Target device:  xc7a100t-csg324-1


================================================================
== Performance Estimates
================================================================
+ Timing: 
    * Summary: 
    +--------+----------+----------+------------+
    |  Clock |  Target  | Estimated| Uncertainty|
    +--------+----------+----------+------------+
    |ap_clk  |  10.00 ns|  6.826 ns|     2.70 ns|
    +--------+----------+----------+------------+

+ Latency: 
    * Summary: 
    +---------+------------+----------+------------+-----+------------+---------+
    |   Latency (cycles)   |   Latency (absolute)  |     Interval     | Pipeline|
    |   min   |     max    |    min   |     max    | min |     max    |   Type  |
    +---------+------------+----------+------------+-----+------------+---------+
    |      474|  3221225918|  4.740 us|  32.212 sec|  475|  3221225919|       no|
    +---------+------------+----------+------------+-----+------------+---------+

    + Detail: 
        * Instance: 
        +------------------------------------------------+-------------------------------------+---------+-----------+-----------+-----------+-----+-----------+---------+
        |                                                |                                     |   Latency (cycles)  |   Latency (absolute)  |     Interval    | Pipeline|
        |                    Instance                    |                Module               |   min   |    max    |    min    |    max    | min |    max    |   Type  |
        +------------------------------------------------+-------------------------------------+---------+-----------+-----------+-----------+-----+-----------+---------+
        |grp_encryfinal_Pipeline_VITIS_LOOP_40_1_fu_74   |encryfinal_Pipeline_VITIS_LOOP_40_1  |       25|         25|   0.250 us|   0.250 us|   25|         25|       no|
        |grp_encryfinal_Pipeline_2_fu_82                 |encryfinal_Pipeline_2                |       18|         18|   0.180 us|   0.180 us|   18|         18|       no|
        |grp_encryfinal_Pipeline_VITIS_LOOP_86_1_fu_87   |encryfinal_Pipeline_VITIS_LOOP_86_1  |       26|         26|   0.260 us|   0.260 us|   26|         26|       no|
        |grp_encryfinal_Pipeline_VITIS_LOOP_46_3_fu_95   |encryfinal_Pipeline_VITIS_LOOP_46_3  |       72|  536870980|   0.720 us|  5.369 sec|   72|  536870980|       no|
        |grp_encryfinal_Pipeline_VITIS_LOOP_50_4_fu_103  |encryfinal_Pipeline_VITIS_LOOP_50_4  |        4|  268435457|  40.000 ns|  2.684 sec|    4|  268435457|       no|
        |grp_encryfinal_Pipeline_VITIS_LOOP_64_1_fu_110  |encryfinal_Pipeline_VITIS_LOOP_64_1  |       18|         18|   0.180 us|   0.180 us|   18|         18|       no|
        +------------------------------------------------+-------------------------------------+---------+-----------+-----------+-----------+-----+-----------+---------+

        * Loop: 
        +-------------------+---------+------------+-----------------+-----------+-----------+------+----------+
        |                   |   Latency (cycles)   |    Iteration    |  Initiation Interval  | Trip |          |
        |     Loop Name     |   min   |     max    |     Latency     |  achieved |   target  | Count| Pipelined|
        +-------------------+---------+------------+-----------------+-----------+-----------+------+----------+
        |- VITIS_LOOP_44_2  |      400|  3221225844|  100 ~ 805306461|          -|          -|     4|        no|
        +-------------------+---------+------------+-----------------+-----------+-----------+------+----------+



================================================================
== Utilization Estimates
================================================================
* Summary: 
+-----------------+---------+-----+--------+-------+-----+
|       Name      | BRAM_18K| DSP |   FF   |  LUT  | URAM|
+-----------------+---------+-----+--------+-------+-----+
|DSP              |        -|    -|       -|      -|    -|
|Expression       |        -|    -|       0|     31|    -|
|FIFO             |        -|    -|       -|      -|    -|
|Instance         |        2|   14|    2073|   1893|    -|
|Memory           |        8|    -|       0|      0|    0|
|Multiplexer      |        -|    -|       -|    230|    -|
|Register         |        -|    -|      39|      -|    -|
+-----------------+---------+-----+--------+-------+-----+
|Total            |       10|   14|    2112|   2154|    0|
+-----------------+---------+-----+--------+-------+-----+
|Available        |      270|  240|  126800|  63400|    0|
+-----------------+---------+-----+--------+-------+-----+
|Utilization (%)  |        3|    5|       1|      3|    0|
+-----------------+---------+-----+--------+-------+-----+

+ Detail: 
    * Instance: 
    +------------------------------------------------+-------------------------------------+---------+----+------+------+-----+
    |                    Instance                    |                Module               | BRAM_18K| DSP|  FF  |  LUT | URAM|
    +------------------------------------------------+-------------------------------------+---------+----+------+------+-----+
    |grp_encryfinal_Pipeline_2_fu_82                 |encryfinal_Pipeline_2                |        0|   0|     7|    54|    0|
    |grp_encryfinal_Pipeline_VITIS_LOOP_40_1_fu_74   |encryfinal_Pipeline_VITIS_LOOP_40_1  |        0|   0|   187|    97|    0|
    |grp_encryfinal_Pipeline_VITIS_LOOP_46_3_fu_95   |encryfinal_Pipeline_VITIS_LOOP_46_3  |        0|   3|  1221|  1248|    0|
    |grp_encryfinal_Pipeline_VITIS_LOOP_50_4_fu_103  |encryfinal_Pipeline_VITIS_LOOP_50_4  |        0|   0|    13|    83|    0|
    |grp_encryfinal_Pipeline_VITIS_LOOP_64_1_fu_110  |encryfinal_Pipeline_VITIS_LOOP_64_1  |        0|   0|    18|    96|    0|
    |grp_encryfinal_Pipeline_VITIS_LOOP_86_1_fu_87   |encryfinal_Pipeline_VITIS_LOOP_86_1  |        2|  11|   627|   315|    0|
    +------------------------------------------------+-------------------------------------+---------+----+------+------+-----+
    |Total                                           |                                     |        2|  14|  2073|  1893|    0|
    +------------------------------------------------+-------------------------------------+---------+----+------+------+-----+

    * DSP: 
    N/A

    * Memory: 
    +---------------------+---------------------------------+---------+---+----+-----+------+-----+------+-------------+
    |        Memory       |              Module             | BRAM_18K| FF| LUT| URAM| Words| Bits| Banks| W*Bits*Banks|
    +---------------------+---------------------------------+---------+---+----+-----+------+-----+------+-------------+
    |temp_U               |temp_RAM_AUTO_1R1W               |        2|  0|   0|    0|    16|   64|     1|         1024|
    |multipliedSignal_U   |temp_RAM_AUTO_1R1W               |        2|  0|   0|    0|    16|   64|     1|         1024|
    |transformedSignal_U  |transformedSignal_RAM_AUTO_1R1W  |        4|  0|   0|    0|    16|   64|     1|         1024|
    +---------------------+---------------------------------+---------+---+----+-----+------+-----+------+-------------+
    |Total                |                                 |        8|  0|   0|    0|    48|  192|     3|         3072|
    +---------------------+---------------------------------+---------+---+----+-----+------+-----+------+-------------+

    * FIFO: 
    N/A

    * Expression: 
    +---------------------+----------+----+---+----+------------+------------+
    |    Variable Name    | Operation| DSP| FF| LUT| Bitwidth P0| Bitwidth P1|
    +---------------------+----------+----+---+----+------------+------------+
    |icmp_ln44_fu_135_p2  |      icmp|   0|  0|  31|          24|           1|
    +---------------------+----------+----+---+----+------------+------------+
    |Total                |          |   0|  0|  31|          24|           1|
    +---------------------+----------+----+---+----+------------+------------+

    * Multiplexer: 
    +----------------------------+----+-----------+-----+-----------+
    |            Name            | LUT| Input Size| Bits| Total Bits|
    +----------------------------+----+-----------+-----+-----------+
    |ap_NS_fsm                   |  49|         12|    1|         12|
    |multipliedSignal_address0   |  13|          3|    4|         12|
    |multipliedSignal_ce0        |  13|          3|    1|          3|
    |multipliedSignal_we0        |   9|          2|    1|          2|
    |step_fu_58                  |   9|          2|    5|         10|
    |temp_address0               |  17|          4|    4|         16|
    |temp_ce0                    |  17|          4|    1|          4|
    |temp_d0                     |  13|          3|   64|        192|
    |temp_we0                    |  13|          3|    1|          3|
    |transformedSignal_address0  |  21|          5|    4|         20|
    |transformedSignal_ce0       |  21|          5|    1|          5|
    |transformedSignal_ce1       |   9|          2|    1|          2|
    |transformedSignal_d0        |  13|          3|   64|        192|
    |transformedSignal_we0       |  13|          3|    1|          3|
    +----------------------------+----+-----------+-----+-----------+
    |Total                       | 230|         54|  153|        476|
    +----------------------------+----+-----------+-----+-----------+

    * Register: 
    +-------------------------------------------------------------+----+----+-----+-----------+
    |                             Name                            | FF | LUT| Bits| Const Bits|
    +-------------------------------------------------------------+----+----+-----+-----------+
    |ap_CS_fsm                                                    |  11|   0|   11|          0|
    |grp_encryfinal_Pipeline_2_fu_82_ap_start_reg                 |   1|   0|    1|          0|
    |grp_encryfinal_Pipeline_VITIS_LOOP_40_1_fu_74_ap_start_reg   |   1|   0|    1|          0|
    |grp_encryfinal_Pipeline_VITIS_LOOP_46_3_fu_95_ap_start_reg   |   1|   0|    1|          0|
    |grp_encryfinal_Pipeline_VITIS_LOOP_50_4_fu_103_ap_start_reg  |   1|   0|    1|          0|
    |grp_encryfinal_Pipeline_VITIS_LOOP_64_1_fu_110_ap_start_reg  |   1|   0|    1|          0|
    |grp_encryfinal_Pipeline_VITIS_LOOP_86_1_fu_87_ap_start_reg   |   1|   0|    1|          0|
    |step_1_reg_167                                               |   5|   0|   25|         20|
    |step_fu_58                                                   |   5|   0|   25|         20|
    |tmp_reg_172                                                  |   4|   0|   24|         20|
    |trunc_ln_reg_185                                             |   4|   0|    4|          0|
    |zext_ln46_reg_180                                            |   4|   0|   25|         21|
    +-------------------------------------------------------------+----+----+-----+-----------+
    |Total                                                        |  39|   0|  120|         81|
    +-------------------------------------------------------------+----+----+-----+-----------+



================================================================
== Interface
================================================================
* Summary: 
+--------------------------+-----+-----+------------+-----------------+--------------+
|         RTL Ports        | Dir | Bits|  Protocol  |  Source Object  |    C Type    |
+--------------------------+-----+-----+------------+-----------------+--------------+
|ap_clk                    |   in|    1|  ap_ctrl_hs|       encryfinal|  return value|
|ap_rst                    |   in|    1|  ap_ctrl_hs|       encryfinal|  return value|
|ap_start                  |   in|    1|  ap_ctrl_hs|       encryfinal|  return value|
|ap_done                   |  out|    1|  ap_ctrl_hs|       encryfinal|  return value|
|ap_idle                   |  out|    1|  ap_ctrl_hs|       encryfinal|  return value|
|ap_ready                  |  out|    1|  ap_ctrl_hs|       encryfinal|  return value|
|speechSignal_address0     |  out|    4|   ap_memory|     speechSignal|         array|
|speechSignal_ce0          |  out|    1|   ap_memory|     speechSignal|         array|
|speechSignal_q0           |   in|   32|   ap_memory|     speechSignal|         array|
|encryptedSignal_address0  |  out|    4|   ap_memory|  encryptedSignal|         array|
|encryptedSignal_ce0       |  out|    1|   ap_memory|  encryptedSignal|         array|
|encryptedSignal_we0       |  out|    1|   ap_memory|  encryptedSignal|         array|
|encryptedSignal_d0        |  out|   64|   ap_memory|  encryptedSignal|         array|
+--------------------------+-----+-----+------------+-----------------+--------------+

